// Jest Snapshot v1, https://goo.gl/fbAQLP

exports[`Atoms/Button 正しくレンダリングされている 1`] = `
<button
  className="css-vzmsot"
  disabled={false}
  type="button"
>
  検索する
</button>
`;
