// Jest Snapshot v1, https://goo.gl/fbAQLP

exports[`Atoms/Input 正しくレンダリングされている 1`] = `
<input
  aria-label="search input"
  className="css-31czxj-Input"
  data-testid="input"
  defaultValue=""
  disabled={false}
  placeholder="（例）東京"
  type="text"
/>
`;
